==============================================================================
集成性能基准（Conditional + Streams）
==============================================================================
Python (rs): <opencode-temp>\crs_venv_new\Scripts\python.exe
Python (py): <opencode-temp>\crs_venv_py_new\Scripts\python.exe
number=5000, iterations=10, warmup=3
Selected: 35 cases × parse+build = 70 测量点

  测量 ITE1-parse              ... rs=270ns py=2085ns speedup=7.73x [LOW]
  测量 ITE1-build              ... rs=149ns py=1884ns speedup=12.61x [OK]
  测量 ITE2-parse              ... rs=232ns py=1856ns speedup=7.99x [LOW]
  测量 ITE2-build              ... rs=105ns py=1745ns speedup=16.63x [OK]
  测量 ITE3-parse              ... rs=239ns py=2039ns speedup=8.55x [LOW]
  测量 ITE3-build              ... rs=160ns py=1921ns speedup=11.99x [OK]
  测量 ITE4-parse              ... rs=273ns py=2141ns speedup=7.86x [LOW]
  测量 ITE4-build              ... rs=151ns py=1946ns speedup=12.93x [OK]
  测量 ITE5-parse              ... rs=295ns py=2482ns speedup=8.42x [LOW]
  测量 ITE5-build              ... rs=180ns py=2322ns speedup=12.87x [OK]
  测量 SW1-parse               ... rs=269ns py=2073ns speedup=7.70x [LOW]
  测量 SW1-build               ... rs=153ns py=1895ns speedup=12.40x [OK]
  测量 SW2-parse               ... rs=238ns py=1914ns speedup=8.06x [LOW]
  测量 SW2-build               ... rs=109ns py=1778ns speedup=16.27x [OK]
  测量 SW3-parse               ... rs=272ns py=2067ns speedup=7.60x [LOW]
  测量 SW3-build               ... rs=158ns py=1940ns speedup=12.31x [OK]
  测量 SW4-parse               ... rs=280ns py=2188ns speedup=7.81x [LOW]
  测量 SW4-build               ... rs=160ns py=2025ns speedup=12.66x [OK]
  测量 SW5-parse               ... rs=243ns py=2143ns speedup=8.80x [LOW]
  测量 SW5-build               ... rs=171ns py=1995ns speedup=11.64x [OK]
  测量 SL1-parse               ... rs=269ns py=2040ns speedup=7.59x [LOW]
  测量 SL1-build               ... rs=180ns py=3459ns speedup=19.24x [OK]
  测量 SL2-parse               ... rs=390ns py=3317ns speedup=8.51x [LOW]
  测量 SL2-build               ... rs=198ns py=3477ns speedup=17.53x [OK]
  测量 SL3-parse               ... rs=271ns py=2035ns speedup=7.52x [LOW]
  测量 SL3-build               ... rs=180ns py=3499ns speedup=19.48x [OK]
  测量 SL4-parse               ... rs=240ns py=2089ns speedup=8.70x [LOW]
  测量 SL4-build               ... rs=557ns py=6469ns speedup=11.62x [OK]
  测量 SL5-parse               ... rs=287ns py=2520ns speedup=8.77x [LOW]
  测量 SL5-build               ... rs=222ns py=4054ns speedup=18.30x [OK]
  测量 FS1-parse               ... rs=310ns py=3378ns speedup=10.89x [OK]
  测量 FS1-build               ... rs=188ns py=3170ns speedup=16.84x [OK]
  测量 FS2-parse               ... rs=307ns py=3373ns speedup=10.99x [OK]
  测量 FS2-build               ... rs=190ns py=3149ns speedup=16.60x [OK]
  测量 FS3-parse               ... rs=271ns py=3382ns speedup=12.49x [OK]
  测量 FS3-build               ... rs=209ns py=3192ns speedup=15.27x [OK]
  测量 FS4-parse               ... rs=314ns py=3491ns speedup=11.11x [OK]
  测量 FS4-build               ... rs=191ns py=3298ns speedup=17.30x [OK]
  测量 FS5-parse               ... rs=324ns py=3692ns speedup=11.41x [OK]
  测量 FS5-build               ... rs=199ns py=3367ns speedup=16.94x [OK]
  测量 SK1-parse               ... rs=260ns py=2314ns speedup=8.89x [LOW]
  测量 SK1-build               ... rs=179ns py=2249ns speedup=12.55x [OK]
  测量 SK2-parse               ... rs=295ns py=2700ns speedup=9.16x [LOW]
  测量 SK2-build               ... rs=197ns py=2650ns speedup=13.46x [OK]
  测量 SK3-parse               ... rs=295ns py=2683ns speedup=9.10x [LOW]
  测量 SK3-build               ... rs=203ns py=2644ns speedup=13.02x [OK]
  测量 SK4-parse               ... rs=265ns py=2336ns speedup=8.80x [LOW]
  测量 SK4-build               ... rs=247ns py=3901ns speedup=15.79x [OK]
  测量 SK5-parse               ... rs=297ns py=2722ns speedup=9.17x [LOW]
  测量 SK5-build               ... rs=201ns py=2594ns speedup=12.92x [OK]
  测量 PT1-parse               ... rs=268ns py=2585ns speedup=9.63x [LOW]
  测量 PT1-build               ... rs=238ns py=2513ns speedup=10.56x [OK]
  测量 PT2-parse               ... rs=275ns py=2529ns speedup=9.18x [LOW]
  测量 PT2-build               ... rs=188ns py=2470ns speedup=13.15x [OK]
  测量 PT3-parse               ... rs=276ns py=2569ns speedup=9.31x [LOW]
  测量 PT3-build               ... rs=248ns py=2516ns speedup=10.13x [OK]
  测量 PT4-parse               ... rs=268ns py=2713ns speedup=10.13x [OK]
  测量 PT4-build               ... rs=249ns py=2565ns speedup=10.32x [OK]
  测量 PT5-parse               ... rs=293ns py=2923ns speedup=9.96x [LOW]
  测量 PT5-build               ... rs=265ns py=2845ns speedup=10.74x [OK]
  测量 PF1-parse               ... rs=291ns py=2690ns speedup=9.23x [LOW]
  测量 PF1-build               ... rs=213ns py=2311ns speedup=10.85x [OK]
  测量 PF2-parse               ... rs=294ns py=2768ns speedup=9.42x [LOW]
  测量 PF2-build               ... rs=234ns py=2337ns speedup=9.97x [LOW]
  测量 PF3-parse               ... rs=281ns py=2732ns speedup=9.72x [LOW]
  测量 PF3-build               ... rs=212ns py=2332ns speedup=10.99x [OK]
  测量 PF4-parse               ... rs=475ns py=5775ns speedup=12.15x [OK]
  测量 PF4-build               ... rs=357ns py=2925ns speedup=8.19x [LOW]
  测量 PF5-parse               ... rs=264ns py=2714ns speedup=10.29x [OK]
  测量 PF5-build               ... rs=212ns py=2365ns speedup=11.13x [OK]

对比表（前 30 行）：
场景           impl  median ns    mean ± stdev           min        max        speedup   
---------------------------------------------------------------------------------------
ITE1-build   rs    149.5        163.6 ± 31.4           147.8      239.0      12.61x    
ITE1-build   py    1884.4       1903.8 ± 40.6          1868.4     1967.9               
ITE1-parse   rs    269.8        269.9 ± 2.6            265.6      274.4      7.73x     
ITE1-parse   py    2084.8       2079.3 ± 55.6          2011.1     2163.1               
ITE2-build   rs    104.9        105.5 ± 1.3            104.5      108.7      16.63x    
ITE2-build   py    1745.4       1759.9 ± 54.9          1699.4     1858.3               
ITE2-parse   rs    232.3        232.6 ± 1.3            230.6      234.3      7.99x     
ITE2-parse   py    1855.8       1876.6 ± 55.9          1829.8     1985.2               
ITE3-build   rs    160.2        160.2 ± 0.9            158.9      161.6      11.99x    
ITE3-build   py    1920.6       1920.5 ± 37.6          1861.2     1992.2               
ITE3-parse   rs    238.5        241.5 ± 9.5            234.1      266.9      8.55x     
ITE3-parse   py    2039.2       2055.0 ± 54.3          1998.2     2167.8               
ITE4-build   rs    150.5        150.8 ± 1.5            148.8      154.3      12.93x    
ITE4-build   py    1946.1       1947.5 ± 20.4          1914.6     1980.8               
ITE4-parse   rs    272.5        272.1 ± 1.5            270.2      274.1      7.86x     
ITE4-parse   py    2141.4       2162.0 ± 60.7          2086.4     2276.3               
ITE5-build   rs    180.4        180.2 ± 1.7            177.5      183.0      12.87x    
ITE5-build   py    2321.6       2338.2 ± 49.1          2270.9     2420.2               
ITE5-parse   rs    294.9        295.5 ± 2.5            293.2      301.9      8.42x     
ITE5-parse   py    2481.8       2492.4 ± 40.0          2449.2     2572.6               
SL1-build    rs    179.8        183.3 ± 8.4            178.8      204.4      19.24x    
SL1-build    py    3459.3       3459.6 ± 66.6          3363.1     3542.5               
SL1-parse    rs    268.8        269.4 ± 3.4            266.2      278.3      7.59x     
SL1-parse    py    2039.9       2057.7 ± 52.0          2003.5     2158.6               
SL2-build    rs    198.4        202.8 ± 9.5            196.8      223.6      17.53x    
SL2-build    py    3476.9       3505.3 ± 116.9         3360.8     3785.5               
SL2-parse    rs    390.0        390.2 ± 2.4            386.6      393.8      8.51x     
SL2-parse    py    3317.3       3364.5 ± 92.5          3285.8     3524.8               
SL3-build    rs    179.6        179.8 ± 0.8            178.9      181.2      19.48x    
SL3-build    py    3499.4       3524.5 ± 72.1          3447.1     3646.4               
SL3-parse    rs    270.7        271.1 ± 3.6            266.4      277.5      7.52x     
SL3-parse    py    2034.9       2041.4 ± 19.2          2021.4     2075.8               
SL4-build    rs    556.8        559.0 ± 9.5            550.1      585.1      11.62x    
SL4-build    py    6469.4       6467.6 ± 44.5          6397.2     6539.3               
SL4-parse    rs    240.2        240.8 ± 2.4            239.3      247.6      8.70x     
SL4-parse    py    2088.6       2098.0 ± 40.0          2053.7     2175.3               
SL5-build    rs    221.6        221.3 ± 0.7            219.9      222.0      18.30x    
SL5-build    py    4053.5       4074.4 ± 46.8          4026.7     4153.1               
SL5-parse    rs    287.3        289.2 ± 4.7            285.5      301.2      8.77x     
SL5-parse    py    2520.0       2531.5 ± 38.0          2491.1     2622.7               
SW1-build    rs    152.9        153.7 ± 2.2            152.0      159.3      12.40x    
SW1-build    py    1895.2       1923.2 ± 71.6          1880.1     2108.2               
SW1-parse    rs    269.4        274.8 ± 14.0           263.9      308.9      7.70x     
SW1-parse    py    2073.3       2096.4 ± 47.2          2043.4     2168.1               
SW2-build    rs    109.2        109.2 ± 0.5            108.5      109.9      16.27x    
SW2-build    py    1777.6       1781.6 ± 41.0          1725.3     1845.6               
SW2-parse    rs    237.6        239.3 ± 4.2            236.3      249.6      8.06x     
SW2-parse    py    1913.6       1928.0 ± 36.5          1885.6     1997.4               
SW3-build    rs    157.6        158.5 ± 2.2            156.4      162.7      12.31x    
SW3-build    py    1939.7       1952.0 ± 35.4          1912.8     2030.7               
SW3-parse    rs    271.9        271.9 ± 3.6            266.5      277.9      7.60x     
SW3-parse    py    2067.4       2071.6 ± 28.0          2035.1     2138.2               
SW4-build    rs    160.0        159.6 ± 1.3            157.5      161.4      12.66x    
SW4-build    py    2025.5       2037.0 ± 50.5          1992.5     2155.2               
SW4-parse    rs    280.1        280.8 ± 1.6            279.2      284.8      7.81x     
SW4-parse    py    2187.6       2208.8 ± 67.0          2129.7     2340.1               
SW5-build    rs    171.4        176.3 ± 10.1           170.1      201.3      11.64x    
SW5-build    py    1995.1       2000.4 ± 44.2          1941.8     2086.6               
SW5-parse    rs    243.4        244.0 ± 1.6            242.3      246.9      8.80x     
SW5-parse    py    2142.6       2151.3 ± 63.2          2079.7     2265.9               

门禁检查（≥10x）：41/70 PASS
  29 项未达标：
    门禁失败：ITE1-parse 加速比 7.73x < 10.0x
    门禁失败：ITE2-parse 加速比 7.99x < 10.0x
    门禁失败：ITE3-parse 加速比 8.55x < 10.0x
    门禁失败：ITE4-parse 加速比 7.86x < 10.0x
    门禁失败：ITE5-parse 加速比 8.42x < 10.0x
    门禁失败：SW1-parse 加速比 7.70x < 10.0x
    门禁失败：SW2-parse 加速比 8.06x < 10.0x
    门禁失败：SW3-parse 加速比 7.60x < 10.0x
    门禁失败：SW4-parse 加速比 7.81x < 10.0x
    门禁失败：SW5-parse 加速比 8.80x < 10.0x
    门禁失败：SL1-parse 加速比 7.59x < 10.0x
    门禁失败：SL2-parse 加速比 8.51x < 10.0x
    门禁失败：SL3-parse 加速比 7.52x < 10.0x
    门禁失败：SL4-parse 加速比 8.70x < 10.0x
    门禁失败：SL5-parse 加速比 8.77x < 10.0x
    门禁失败：SK1-parse 加速比 8.89x < 10.0x
    门禁失败：SK2-parse 加速比 9.16x < 10.0x
    门禁失败：SK3-parse 加速比 9.10x < 10.0x
    门禁失败：SK4-parse 加速比 8.80x < 10.0x
    门禁失败：SK5-parse 加速比 9.17x < 10.0x
    ... 还有 9 项

CSV 数据（供追加 perf-scenarios.csv）：<legacy-repo>\construct-rs\bench\results\bench_conditional_streams_csv.json
详细结果：<legacy-repo>\construct-rs\bench\results\bench_conditional_streams.json / .md
