==============================================================================
集成性能基准（Conditional + Streams）
==============================================================================
Python (rs): <opencode-temp>\crs_venv_new\Scripts\python.exe
Python (py): <opencode-temp>\crs_venv_py_new\Scripts\python.exe
number=3000, iterations=5, warmup=2
Selected: 35 cases × parse+build = 70 测量点

  测量 ITE1-parse              ... rs=223ns py=2046ns speedup=9.18x [LOW]
  测量 ITE1-build              ... rs=146ns py=1881ns speedup=12.89x [OK]
  测量 ITE2-parse              ... rs=221ns py=1865ns speedup=8.44x [LOW]
  测量 ITE2-build              ... rs=105ns py=1753ns speedup=16.67x [OK]
  测量 ITE3-parse              ... rs=218ns py=2070ns speedup=9.48x [LOW]
  测量 ITE3-build              ... rs=158ns py=1973ns speedup=12.52x [OK]
  测量 ITE4-parse              ... rs=229ns py=2198ns speedup=9.58x [LOW]
  测量 ITE4-build              ... rs=148ns py=1974ns speedup=13.38x [OK]
  测量 ITE5-parse              ... rs=253ns py=2512ns speedup=9.93x [LOW]
  测量 ITE5-build              ... rs=180ns py=2331ns speedup=12.98x [OK]
  测量 SW1-parse               ... rs=228ns py=2085ns speedup=9.15x [LOW]
  测量 SW1-build               ... rs=153ns py=1908ns speedup=12.46x [OK]
  测量 SW2-parse               ... rs=222ns py=1976ns speedup=8.90x [LOW]
  测量 SW2-build               ... rs=109ns py=1938ns speedup=17.80x [OK]
  测量 SW3-parse               ... rs=228ns py=2065ns speedup=9.07x [LOW]
  测量 SW3-build               ... rs=154ns py=1929ns speedup=12.52x [OK]
  测量 SW4-parse               ... rs=235ns py=2197ns speedup=9.35x [LOW]
  测量 SW4-build               ... rs=156ns py=2056ns speedup=13.16x [OK]
  测量 SW5-parse               ... rs=230ns py=2123ns speedup=9.22x [LOW]
  测量 SW5-build               ... rs=164ns py=1972ns speedup=12.05x [OK]
  测量 SL1-parse               ... rs=233ns py=2088ns speedup=8.97x [LOW]
  测量 SL1-build               ... rs=182ns py=3532ns speedup=19.44x [OK]
  测量 SL2-parse               ... rs=341ns py=3287ns speedup=9.63x [LOW]
  测量 SL2-build               ... rs=194ns py=3457ns speedup=17.81x [OK]
  测量 SL3-parse               ... rs=224ns py=2038ns speedup=9.09x [LOW]
  测量 SL3-build               ... rs=179ns py=3484ns speedup=19.51x [OK]
  测量 SL4-parse               ... rs=226ns py=2095ns speedup=9.27x [LOW]
  测量 SL4-build               ... rs=552ns py=6511ns speedup=11.80x [OK]
  测量 SL5-parse               ... rs=250ns py=2567ns speedup=10.29x [OK]
  测量 SL5-build               ... rs=213ns py=4151ns speedup=19.46x [OK]
  测量 FS1-parse               ... rs=259ns py=3295ns speedup=12.71x [OK]
  测量 FS1-build               ... rs=184ns py=3183ns speedup=17.25x [OK]
  测量 FS2-parse               ... rs=259ns py=3344ns speedup=12.89x [OK]
  测量 FS2-build               ... rs=184ns py=3210ns speedup=17.41x [OK]
  测量 FS3-parse               ... rs=294ns py=3376ns speedup=11.50x [OK]
  测量 FS3-build               ... rs=200ns py=3203ns speedup=15.98x [OK]
  测量 FS4-parse               ... rs=270ns py=3546ns speedup=13.14x [OK]
  测量 FS4-build               ... rs=191ns py=3310ns speedup=17.31x [OK]
  测量 FS5-parse               ... rs=274ns py=3594ns speedup=13.11x [OK]
  测量 FS5-build               ... rs=196ns py=3267ns speedup=16.70x [OK]
  测量 SK1-parse               ... rs=246ns py=2308ns speedup=9.37x [LOW]
  测量 SK1-build               ... rs=178ns py=2304ns speedup=12.91x [OK]
  测量 SK2-parse               ... rs=275ns py=2716ns speedup=9.89x [LOW]
  测量 SK2-build               ... rs=200ns py=2648ns speedup=13.22x [OK]
  测量 SK3-parse               ... rs=297ns py=2738ns speedup=9.21x [LOW]
  测量 SK3-build               ... rs=198ns py=2598ns speedup=13.09x [OK]
  测量 SK4-parse               ... rs=252ns py=2376ns speedup=9.43x [LOW]
  测量 SK4-build               ... rs=242ns py=3699ns speedup=15.26x [OK]
  测量 SK5-parse               ... rs=282ns py=2696ns speedup=9.56x [LOW]
  测量 SK5-build               ... rs=198ns py=2642ns speedup=13.37x [OK]
  测量 PT1-parse               ... rs=255ns py=2596ns speedup=10.20x [OK]
  测量 PT1-build               ... rs=242ns py=2530ns speedup=10.47x [OK]
  测量 PT2-parse               ... rs=273ns py=2558ns speedup=9.37x [LOW]
  测量 PT2-build               ... [ERROR] bench ????? impl=rs scenario=PT2-build
stderr (tail 2000): Traceback (most recent call last):
  File "<string>", line 635, in <module>
    times = timer.repeat(repeat=REPEAT, number=NUMBER)
  File "C:\Python314\Lib\timeit.py", line 205, in repeat
    t = self.timeit(number)
  File "C:\Python314\Lib\
  测量 PT3-parse               ... [ERROR] bench ????? impl=py scenario=PT3-parse
stderr (tail 2000): Traceback (most recent call last):
  File "<string>", line 631, in <module>
    parse_target, build_target = _make_cond_streams_case(IMPL, CASE)
                                 ~~~~~~~~~~~~~~~~~^^^^^^^^^^^^
  File "<string>", line 514, in _make_p
  测量 PT3-build               ... [ERROR] bench ????? impl=py scenario=PT3-build
stderr (tail 2000): Traceback (most recent call last):
  File "<string>", line 631, in <module>
    parse_target, build_target = _make_cond_streams_case(IMPL, CASE)
                                 ~~~~~~~~~~~~~~~~~^^^^^^^^^^^^
  File "<string>", line 514, in _make_p
  测量 PT4-parse               ... rs=256ns py=2662ns speedup=10.39x [OK]
  测量 PT4-build               ... rs=243ns py=2521ns speedup=10.39x [OK]
  测量 PT5-parse               ... rs=270ns py=2854ns speedup=10.58x [OK]
  测量 PT5-build               ... rs=271ns py=2973ns speedup=10.99x [OK]
  测量 PF1-parse               ... rs=249ns py=2698ns speedup=10.85x [OK]
  测量 PF1-build               ... rs=203ns py=2304ns speedup=11.33x [OK]
  测量 PF2-parse               ... rs=247ns py=2671ns speedup=10.82x [OK]
  测量 PF2-build               ... rs=224ns py=2257ns speedup=10.09x [OK]
  测量 PF3-parse               ... rs=259ns py=2675ns speedup=10.33x [OK]
  测量 PF3-build               ... rs=210ns py=2243ns speedup=10.67x [OK]
  测量 PF4-parse               ... rs=457ns py=5518ns speedup=12.08x [OK]
  测量 PF4-build               ... rs=339ns py=3004ns speedup=8.87x [LOW]
  测量 PF5-parse               ... rs=255ns py=2834ns speedup=11.10x [OK]
  测量 PF5-build               ... rs=215ns py=2423ns speedup=11.25x [OK]

对比表（前 30 行）：
场景           impl  median ns    mean ± stdev           min        max        speedup   
---------------------------------------------------------------------------------------
ITE1-build   rs    146.0        146.4 ± 1.1            145.5      148.2      12.89x    
ITE1-build   py    1881.4       1965.4 ± 131.7         1850.9     2109.6               
ITE1-parse   rs    222.8        223.1 ± 1.6            221.6      225.5      9.18x     
ITE1-parse   py    2046.2       2113.6 ± 105.3         2036.8     2277.0               
ITE2-build   rs    105.2        109.9 ± 10.4           104.9      128.4      16.67x    
ITE2-build   py    1752.7       1792.6 ± 70.0          1728.6     1874.4               
ITE2-parse   rs    220.9        221.4 ± 0.9            220.5      222.6      8.44x     
ITE2-parse   py    1865.2       1865.3 ± 27.5          1837.3     1898.8               
ITE3-build   rs    157.6        161.3 ± 8.5            157.0      176.6      12.52x    
ITE3-build   py    1972.7       1969.6 ± 50.9          1922.1     2049.6               
ITE3-parse   rs    218.4        218.6 ± 0.6            218.2      219.6      9.48x     
ITE3-parse   py    2070.4       2074.8 ± 28.6          2041.6     2118.2               
ITE4-build   rs    147.6        149.3 ± 3.6            147.0      155.4      13.38x    
ITE4-build   py    1973.9       1972.4 ± 4.1           1966.0     1976.8               
ITE4-parse   rs    229.4        229.3 ± 0.8            228.1      230.3      9.58x     
ITE4-parse   py    2197.6       2212.3 ± 38.4          2186.4     2279.3               
ITE5-build   rs    179.6        178.7 ± 2.0            175.2      179.9      12.98x    
ITE5-build   py    2331.2       2342.5 ± 37.1          2303.4     2388.0               
ITE5-parse   rs    252.9        252.2 ± 3.6            247.2      257.0      9.93x     
ITE5-parse   py    2511.6       2526.4 ± 31.9          2507.5     2582.9               
SL1-build    rs    181.6        181.1 ± 1.6            178.4      182.6      19.44x    
SL1-build    py    3531.7       3529.8 ± 44.6          3473.3     3597.0               
SL1-parse    rs    232.9        234.7 ± 10.3           223.0      251.2      8.97x     
SL1-parse    py    2087.9       2086.9 ± 27.1          2049.7     2122.8               
SL2-build    rs    194.1        194.4 ± 1.4            192.9      196.7      17.81x    
SL2-build    py    3457.5       3493.5 ± 103.9         3414.6     3664.2               
SL2-parse    rs    341.4        341.1 ± 0.6            340.1      341.6      9.63x     
SL2-parse    py    3286.8       3271.1 ± 32.1          3231.8     3300.0               
SL3-build    rs    178.6        178.6 ± 1.4            177.0      180.8      19.51x    
SL3-build    py    3484.2       3516.1 ± 91.7          3420.9     3629.6               
SL3-parse    rs    224.2        226.3 ± 7.2            221.3      238.9      9.09x     
SL3-parse    py    2037.9       2055.2 ± 33.2          2024.7     2104.1               
SL4-build    rs    551.9        550.9 ± 5.6            541.4      555.5      11.80x    
SL4-build    py    6511.4       6552.6 ± 108.1         6421.2     6668.5               
SL4-parse    rs    225.9        225.9 ± 0.6            225.1      226.5      9.27x     
SL4-parse    py    2094.6       2119.7 ± 59.3          2064.8     2198.9               
SL5-build    rs    213.4        214.1 ± 1.4            213.1      216.4      19.46x    
SL5-build    py    4151.2       4135.5 ± 110.2         3976.8     4272.2               
SL5-parse    rs    249.5        254.6 ± 8.9            248.7      269.4      10.29x    
SL5-parse    py    2566.6       2553.2 ± 61.7          2474.0     2636.7               
SW1-build    rs    153.1        153.6 ± 1.1            152.7      155.4      12.46x    
SW1-build    py    1907.8       1942.5 ± 63.9          1885.7     2035.0               
SW1-parse    rs    227.9        227.5 ± 0.9            226.2      228.4      9.15x     
SW1-parse    py    2084.5       2108.0 ± 58.0          2064.8     2204.0               
SW2-build    rs    108.9        115.1 ± 14.3           108.3      140.7      17.80x    
SW2-build    py    1938.3       1922.5 ± 67.1          1842.3     2011.8               
SW2-parse    rs    222.0        222.3 ± 0.9            221.4      223.6      8.90x     
SW2-parse    py    1975.9       2003.5 ± 112.7         1884.5     2150.5               
SW3-build    rs    154.1        157.1 ± 7.1            153.5      169.9      12.52x    
SW3-build    py    1929.3       1953.2 ± 45.3          1917.3     2017.7               
SW3-parse    rs    227.7        227.9 ± 0.6            227.2      228.8      9.07x     
SW3-parse    py    2065.3       2070.0 ± 14.8          2056.0     2092.6               
SW4-build    rs    156.2        156.7 ± 0.9            155.9      157.6      13.16x    
SW4-build    py    2055.9       2062.1 ± 29.3          2034.2     2111.2               
SW4-parse    rs    235.0        234.7 ± 1.6            233.0      236.4      9.35x     
SW4-parse    py    2196.5       2204.1 ± 32.6          2163.9     2239.3               
SW5-build    rs    163.6        164.5 ± 1.6            163.3      167.0      12.05x    
SW5-build    py    1971.9       1996.6 ± 96.8          1897.1     2143.5               
SW5-parse    rs    230.4        230.0 ± 3.1            225.8      233.0      9.22x     
SW5-parse    py    2123.4       2127.3 ± 61.8          2065.3     2228.0               

门禁检查（≥10x）：46/67 PASS
  21 项未达标：
    门禁失败：ITE1-parse 加速比 9.18x < 10.0x
    门禁失败：ITE2-parse 加速比 8.44x < 10.0x
    门禁失败：ITE3-parse 加速比 9.48x < 10.0x
    门禁失败：ITE4-parse 加速比 9.58x < 10.0x
    门禁失败：ITE5-parse 加速比 9.93x < 10.0x
    门禁失败：SW1-parse 加速比 9.15x < 10.0x
    门禁失败：SW2-parse 加速比 8.90x < 10.0x
    门禁失败：SW3-parse 加速比 9.07x < 10.0x
    门禁失败：SW4-parse 加速比 9.35x < 10.0x
    门禁失败：SW5-parse 加速比 9.22x < 10.0x
    门禁失败：SL1-parse 加速比 8.97x < 10.0x
    门禁失败：SL2-parse 加速比 9.63x < 10.0x
    门禁失败：SL3-parse 加速比 9.09x < 10.0x
    门禁失败：SL4-parse 加速比 9.27x < 10.0x
    门禁失败：SK1-parse 加速比 9.37x < 10.0x
    门禁失败：SK2-parse 加速比 9.89x < 10.0x
    门禁失败：SK3-parse 加速比 9.21x < 10.0x
    门禁失败：SK4-parse 加速比 9.43x < 10.0x
    门禁失败：SK5-parse 加速比 9.56x < 10.0x
    门禁失败：PT2-parse 加速比 9.37x < 10.0x
    ... 还有 1 项

CSV 数据（供追加 perf-scenarios.csv）：<legacy-repo>\construct-rs\bench\results\bench_conditional_streams_csv.json
详细结果：<legacy-repo>\construct-rs\bench\results\bench_conditional_streams.json / .md
