==============================================================================
集成性能基准（Conditional + Streams）
==============================================================================
Python (rs): <opencode-temp>\crs_venv_new\Scripts\python.exe
Python (py): <opencode-temp>\crs_venv_py_new\Scripts\python.exe
number=5000, iterations=10, warmup=3
Selected: 35 cases × parse+build = 70 测量点

  测量 ITE1-parse              ... rs=265ns py=2053ns speedup=7.74x [LOW]
  测量 ITE1-build              ... rs=144ns py=1865ns speedup=12.91x [OK]
  测量 ITE2-parse              ... rs=227ns py=1950ns speedup=8.57x [LOW]
  测量 ITE2-build              ... rs=105ns py=1737ns speedup=16.50x [OK]
  测量 ITE3-parse              ... rs=239ns py=2036ns speedup=8.52x [LOW]
  测量 ITE3-build              ... rs=161ns py=1922ns speedup=11.97x [OK]
  测量 ITE4-parse              ... rs=269ns py=2213ns speedup=8.23x [LOW]
  测量 ITE4-build              ... rs=150ns py=1999ns speedup=13.31x [OK]
  测量 ITE5-parse              ... rs=290ns py=2620ns speedup=9.02x [LOW]
  测量 ITE5-build              ... rs=180ns py=2329ns speedup=12.93x [OK]
  测量 SW1-parse               ... rs=274ns py=2105ns speedup=7.67x [LOW]
  测量 SW1-build               ... rs=150ns py=1922ns speedup=12.84x [OK]
  测量 SW2-parse               ... rs=233ns py=1917ns speedup=8.22x [LOW]
  测量 SW2-build               ... rs=109ns py=1726ns speedup=15.85x [OK]
  测量 SW3-parse               ... rs=277ns py=2083ns speedup=7.52x [LOW]
  测量 SW3-build               ... rs=159ns py=1944ns speedup=12.24x [OK]
  测量 SW4-parse               ... rs=278ns py=2239ns speedup=8.05x [LOW]
  测量 SW4-build               ... rs=160ns py=1987ns speedup=12.45x [OK]
  测量 SW5-parse               ... rs=245ns py=2043ns speedup=8.35x [LOW]
  测量 SW5-build               ... rs=169ns py=1948ns speedup=11.51x [OK]
  测量 SL1-parse               ... rs=268ns py=2066ns speedup=7.70x [LOW]
  测量 SL1-build               ... rs=183ns py=3465ns speedup=18.89x [OK]
  测量 SL2-parse               ... rs=393ns py=3276ns speedup=8.34x [LOW]
  测量 SL2-build               ... rs=201ns py=3639ns speedup=18.06x [OK]
  测量 SL3-parse               ... rs=269ns py=2147ns speedup=7.98x [LOW]
  测量 SL3-build               ... rs=188ns py=3426ns speedup=18.23x [OK]
  测量 SL4-parse               ... rs=243ns py=2132ns speedup=8.79x [LOW]
  测量 SL4-build               ... rs=559ns py=6517ns speedup=11.67x [OK]
  测量 SL5-parse               ... rs=289ns py=2618ns speedup=9.07x [LOW]
  测量 SL5-build               ... rs=219ns py=4106ns speedup=18.75x [OK]
  测量 FS1-parse               ... rs=308ns py=3483ns speedup=11.30x [OK]
  测量 FS1-build               ... rs=188ns py=3149ns speedup=16.76x [OK]
  测量 FS2-parse               ... rs=306ns py=3355ns speedup=10.98x [OK]
  测量 FS2-build               ... rs=190ns py=3219ns speedup=16.98x [OK]
  测量 FS3-parse               ... rs=274ns py=3419ns speedup=12.48x [OK]
  测量 FS3-build               ... rs=209ns py=3159ns speedup=15.14x [OK]
  测量 FS4-parse               ... rs=316ns py=3630ns speedup=11.49x [OK]
  测量 FS4-build               ... rs=194ns py=3243ns speedup=16.75x [OK]
  测量 FS5-parse               ... rs=315ns py=3670ns speedup=11.65x [OK]
  测量 FS5-build               ... rs=195ns py=3345ns speedup=17.13x [OK]
  测量 SK1-parse               ... rs=257ns py=2318ns speedup=9.03x [LOW]
  测量 SK1-build               ... rs=188ns py=2239ns speedup=11.91x [OK]
  测量 SK2-parse               ... rs=291ns py=2742ns speedup=9.44x [LOW]
  测量 SK2-build               ... rs=198ns py=2637ns speedup=13.31x [OK]
  测量 SK3-parse               ... rs=289ns py=2777ns speedup=9.60x [LOW]
  测量 SK3-build               ... rs=200ns py=2673ns speedup=13.34x [OK]
  测量 SK4-parse               ... rs=264ns py=2342ns speedup=8.87x [LOW]
  测量 SK4-build               ... rs=244ns py=3870ns speedup=15.83x [OK]
  测量 SK5-parse               ... rs=297ns py=2723ns speedup=9.15x [LOW]
  测量 SK5-build               ... rs=200ns py=2614ns speedup=13.06x [OK]
  测量 PT1-parse               ... rs=265ns py=2597ns speedup=9.80x [LOW]
  测量 PT1-build               ... rs=241ns py=2515ns speedup=10.42x [OK]
  测量 PT2-parse               ... rs=274ns py=2681ns speedup=9.79x [LOW]
  测量 PT2-build               ... rs=191ns py=2979ns speedup=15.62x [OK]
  测量 PT3-parse               ... [ERROR] bench ????? impl=py scenario=PT3-parse
stderr (tail 2000): Traceback (most recent call last):
  File "<string>", line 632, in <module>
    parse_target, build_target = _make_cond_streams_case(IMPL, CASE)
                                 ~~~~~~~~~~~~~~~~~^^^^^^^^^^^^
  File "<string>", line 515, in _make_p
  测量 PT3-build               ... [ERROR] bench ????? impl=py scenario=PT3-build
stderr (tail 2000): Traceback (most recent call last):
  File "<string>", line 632, in <module>
    parse_target, build_target = _make_cond_streams_case(IMPL, CASE)
                                 ~~~~~~~~~~~~~~~~~^^^^^^^^^^^^
  File "<string>", line 515, in _make_p
  测量 PT4-parse               ... rs=268ns py=2767ns speedup=10.34x [OK]
  测量 PT4-build               ... rs=249ns py=2518ns speedup=10.12x [OK]
  测量 PT5-parse               ... rs=291ns py=2930ns speedup=10.06x [OK]
  测量 PT5-build               ... rs=269ns py=2852ns speedup=10.60x [OK]
  测量 PF1-parse               ... rs=290ns py=2714ns speedup=9.34x [LOW]
  测量 PF1-build               ... rs=210ns py=2237ns speedup=10.63x [OK]
  测量 PF2-parse               ... rs=291ns py=2745ns speedup=9.43x [LOW]
  测量 PF2-build               ... rs=229ns py=2276ns speedup=9.92x [LOW]
  测量 PF3-parse               ... rs=264ns py=2741ns speedup=10.37x [OK]
  测量 PF3-build               ... rs=212ns py=2312ns speedup=10.91x [OK]
  测量 PF4-parse               ... rs=472ns py=5706ns speedup=12.08x [OK]
  测量 PF4-build               ... rs=353ns py=2948ns speedup=8.34x [LOW]
  测量 PF5-parse               ... rs=267ns py=2821ns speedup=10.57x [OK]
  测量 PF5-build               ... rs=213ns py=2308ns speedup=10.85x [OK]

对比表（前 30 行）：
场景           impl  median ns    mean ± stdev           min        max        speedup   
---------------------------------------------------------------------------------------
ITE1-build   rs    144.4        144.4 ± 0.8            143.2      145.7      12.91x    
ITE1-build   py    1865.2       1867.0 ± 25.0          1834.9     1921.1               
ITE1-parse   rs    265.4        265.1 ± 2.6            260.3      268.1      7.74x     
ITE1-parse   py    2053.4       2050.3 ± 24.8          2015.0     2079.7               
ITE2-build   rs    105.3        105.5 ± 0.4            105.0      106.4      16.50x    
ITE2-build   py    1737.5       1738.4 ± 39.8          1690.7     1818.3               
ITE2-parse   rs    227.4        228.3 ± 3.7            224.6      236.9      8.57x     
ITE2-parse   py    1949.5       1943.3 ± 20.5          1913.6     1977.7               
ITE3-build   rs    160.6        161.1 ± 1.9            159.5      166.2      11.97x    
ITE3-build   py    1922.4       1923.7 ± 64.5          1854.6     2050.0               
ITE3-parse   rs    238.9        240.9 ± 9.4            230.8      257.0      8.52x     
ITE3-parse   py    2035.6       2046.6 ± 33.4          2012.6     2117.2               
ITE4-build   rs    150.1        150.0 ± 0.9            148.6      151.5      13.31x    
ITE4-build   py    1998.5       1998.2 ± 35.2          1944.2     2059.5               
ITE4-parse   rs    268.8        270.1 ± 3.2            267.8      278.2      8.23x     
ITE4-parse   py    2212.9       2211.4 ± 60.2          2113.6     2312.8               
ITE5-build   rs    180.1        180.2 ± 1.9            176.7      182.9      12.93x    
ITE5-build   py    2328.8       2333.9 ± 29.3          2302.3     2403.1               
ITE5-parse   rs    290.4        290.5 ± 1.9            288.1      294.4      9.02x     
ITE5-parse   py    2619.8       2623.2 ± 73.4          2506.8     2772.7               
SL1-build    rs    183.4        183.5 ± 0.9            182.1      184.7      18.89x    
SL1-build    py    3465.1       3481.4 ± 59.7          3400.8     3598.1               
SL1-parse    rs    268.3        268.7 ± 6.4            262.8      285.4      7.70x     
SL1-parse    py    2066.4       2076.7 ± 44.9          2036.6     2195.5               
SL2-build    rs    201.5        201.2 ± 2.1            198.1      204.0      18.06x    
SL2-build    py    3639.4       3619.9 ± 65.5          3522.7     3701.9               
SL2-parse    rs    392.6        391.4 ± 4.3            384.0      396.7      8.34x     
SL2-parse    py    3276.2       3295.0 ± 69.6          3219.1     3429.2               
SL3-build    rs    187.9        187.1 ± 3.0            183.2      191.0      18.23x    
SL3-build    py    3425.9       3419.9 ± 55.4          3327.5     3530.6               
SL3-parse    rs    269.1        269.8 ± 4.3            265.5      279.6      7.98x     
SL3-parse    py    2146.9       2146.7 ± 53.5          2076.3     2228.2               
SL4-build    rs    558.7        558.9 ± 6.6            550.5      574.4      11.67x    
SL4-build    py    6517.4       6557.9 ± 103.6         6467.9     6794.7               
SL4-parse    rs    242.6        244.5 ± 8.4            238.7      267.1      8.79x     
SL4-parse    py    2131.7       2128.1 ± 47.9          2064.4     2229.7               
SL5-build    rs    219.0        219.8 ± 2.0            217.7      223.8      18.75x    
SL5-build    py    4106.1       4116.6 ± 89.6          4005.1     4271.2               
SL5-parse    rs    288.6        288.9 ± 2.7            285.7      295.7      9.07x     
SL5-parse    py    2617.6       2625.9 ± 73.6          2534.9     2788.3               
SW1-build    rs    149.8        150.0 ± 2.2            146.6      153.5      12.84x    
SW1-build    py    1922.3       1932.1 ± 46.9          1877.6     2020.1               
SW1-parse    rs    274.4        274.3 ± 1.1            271.9      275.6      7.67x     
SW1-parse    py    2105.3       2114.2 ± 60.3          2025.3     2216.2               
SW2-build    rs    108.8        108.8 ± 0.7            107.4      110.0      15.85x    
SW2-build    py    1725.6       1735.2 ± 24.1          1708.6     1778.4               
SW2-parse    rs    233.1        238.1 ± 11.2           232.3      266.1      8.22x     
SW2-parse    py    1916.6       1915.6 ± 33.5          1876.8     1964.1               
SW3-build    rs    158.8        158.7 ± 0.9            157.3      160.2      12.24x    
SW3-build    py    1944.0       1946.1 ± 49.5          1879.6     2033.6               
SW3-parse    rs    277.0        279.2 ± 10.2           270.6      304.8      7.52x     
SW3-parse    py    2082.6       2085.2 ± 66.5          1995.5     2209.2               
SW4-build    rs    159.6        160.6 ± 3.7            158.4      171.0      12.45x    
SW4-build    py    1987.1       1997.2 ± 37.7          1953.1     2058.0               
SW4-parse    rs    278.4        278.2 ± 3.6            273.9      281.8      8.05x     
SW4-parse    py    2239.5       2249.8 ± 47.0          2196.3     2336.7               
SW5-build    rs    169.3        169.2 ± 1.4            167.2      171.2      11.51x    
SW5-build    py    1948.3       1974.9 ± 49.0          1928.0     2055.9               
SW5-parse    rs    244.7        247.4 ± 9.8            239.8      272.1      8.35x     
SW5-parse    py    2043.1       2069.8 ± 68.0          2007.2     2208.8               

门禁检查（≥10x）：42/68 PASS
  26 项未达标：
    门禁失败：ITE1-parse 加速比 7.74x < 10.0x
    门禁失败：ITE2-parse 加速比 8.57x < 10.0x
    门禁失败：ITE3-parse 加速比 8.52x < 10.0x
    门禁失败：ITE4-parse 加速比 8.23x < 10.0x
    门禁失败：ITE5-parse 加速比 9.02x < 10.0x
    门禁失败：SW1-parse 加速比 7.67x < 10.0x
    门禁失败：SW2-parse 加速比 8.22x < 10.0x
    门禁失败：SW3-parse 加速比 7.52x < 10.0x
    门禁失败：SW4-parse 加速比 8.05x < 10.0x
    门禁失败：SW5-parse 加速比 8.35x < 10.0x
    门禁失败：SL1-parse 加速比 7.70x < 10.0x
    门禁失败：SL2-parse 加速比 8.34x < 10.0x
    门禁失败：SL3-parse 加速比 7.98x < 10.0x
    门禁失败：SL4-parse 加速比 8.79x < 10.0x
    门禁失败：SL5-parse 加速比 9.07x < 10.0x
    门禁失败：SK1-parse 加速比 9.03x < 10.0x
    门禁失败：SK2-parse 加速比 9.44x < 10.0x
    门禁失败：SK3-parse 加速比 9.60x < 10.0x
    门禁失败：SK4-parse 加速比 8.87x < 10.0x
    门禁失败：SK5-parse 加速比 9.15x < 10.0x
    ... 还有 6 项

CSV 数据（供追加 perf-scenarios.csv）：<legacy-repo>\construct-rs\bench\results\bench_conditional_streams_csv.json
详细结果：<legacy-repo>\construct-rs\bench\results\bench_conditional_streams.json / .md
