[19:41:25] ==== 4.x O1-O4 Controlled A/B Test start ====
[19:41:25] Snapshot ON  (working tree) -> <legacy-repo>\experiments\_snapshot_4x\error_rs_on.rs
[19:41:25] Snapshot OFF (HEAD)        -> <legacy-repo>\experiments\_snapshot_4x\error_rs_off.rs (via cmd /c redirect, no BOM)
[19:41:25] 
[19:41:25] ---- Pre-flight: build both states once + capture DLL hash ----
[19:41:25]   Set-State A : copied <legacy-repo>\experiments\_snapshot_4x\error_rs_off.rs -> construct-rs\src\error.rs
[19:41:25]   Build A (off) ...
[19:41:39]   DLL A (off): md5=N/A  size=0 bytes
[19:41:39]   Set-State B : copied <legacy-repo>\experiments\_snapshot_4x\error_rs_on.rs -> construct-rs\src\error.rs
[19:41:39]   Build B (on) ...
[19:41:48]   DLL B (on):  md5=N/A  size=0 bytes
[19:41:48] WARN: DLL hash identical for A and B -- cargo may have skipped re-compile
[19:41:48] 
[19:41:48] ----- Round 1 / Condition A (A1_Ooff) -----
[19:41:48]   Set-State A ...
[19:41:48]   Set-State A : copied <legacy-repo>\experiments\_snapshot_4x\error_rs_off.rs -> construct-rs\src\error.rs
[19:41:48]   Build + maturin develop ...
[19:41:58]   Bench ...
[19:42:05]   BENCH A1_Ooff : [SUMMARY] label=A1_Ooff | a_err_eof=9.74x(rs=1766ns,pc=17197ns) | p_err_overflow=2.40x(rs=2433ns,pc=5831ns) | i02_idx=18.15x(rs=1082ns,pc=19635ns) | a01_n100=18.62x(rs=1487ns,pc=27688ns)

======================================================================
4.x O1-O4 A/B bench | label=A1_Ooff | timestamp=2026-07-28 19:41:58
======================================================================
OS: Windows 11
CPU: Intel64 Family 6 Model 183 Stepping 1, GenuineIntel
REPEAT: 5

--- a_err_eof parse [positive] (number=3000) ---
  crs min: 1766.1 ns/call
  pc  min: 17197.0 ns/call
  speedup: 9.74x  [<10x]

--- p_err_overflow build [positive] (number=3000) ---
  crs min: 2433.0 ns/call
  pc  min: 5830.9 ns/call
  speedup: 2.40x  [<10x]

--- i02_idx_n100 parse [negative] (number=3000) ---
  crs min: 1081.6 ns/call
  pc  min: 19635.1 ns/call
  speedup: 18.15x  [OK>=10x]

--- a01 Array(100, Int8ub) parse [negative] (number=3000) ---
  crs min: 1487.3 ns/call
  pc  min: 27688.2 ns/call
  speedup: 18.62x  [OK>=10x]

缁撴灉淇濆瓨鍒?<legacy-repo>\experiments\phase4_4x_ab_bench_A1_Ooff.json

[SUMMARY] label=A1_Ooff | a_err_eof=9.74x(rs=1766ns,pc=17197ns) | p_err_overflow=2.40x(rs=2433ns,pc=5831ns) | i02_idx=18.15x(rs=1082ns,pc=19635ns) | a01_n100=18.62x(rs=1487ns,pc=27688ns)
[19:42:05]   Sleep 30s ...
[19:42:35] 
[19:42:35] ----- Round 1 / Condition B (B1_Oon) -----
[19:42:35]   Set-State B ...
[19:42:35]   Set-State B : copied <legacy-repo>\experiments\_snapshot_4x\error_rs_on.rs -> construct-rs\src\error.rs
[19:42:35]   Build + maturin develop ...
[19:42:44]   Bench ...
[19:42:50]   BENCH B1_Oon : [SUMMARY] label=B1_Oon | a_err_eof=10.88x(rs=1465ns,pc=15947ns) | p_err_overflow=2.72x(rs=2068ns,pc=5635ns) | i02_idx=17.30x(rs=986ns,pc=17064ns) | a01_n100=20.34x(rs=1277ns,pc=25977ns)

======================================================================
4.x O1-O4 A/B bench | label=B1_Oon | timestamp=2026-07-28 19:42:44
======================================================================
OS: Windows 11
CPU: Intel64 Family 6 Model 183 Stepping 1, GenuineIntel
REPEAT: 5

--- a_err_eof parse [positive] (number=3000) ---
  crs min: 1465.3 ns/call
  pc  min: 15946.9 ns/call
  speedup: 10.88x  [OK>=10x]

--- p_err_overflow build [positive] (number=3000) ---
  crs min: 2068.4 ns/call
  pc  min: 5635.4 ns/call
  speedup: 2.72x  [<10x]

--- i02_idx_n100 parse [negative] (number=3000) ---
  crs min: 986.1 ns/call
  pc  min: 17064.3 ns/call
  speedup: 17.30x  [OK>=10x]

--- a01 Array(100, Int8ub) parse [negative] (number=3000) ---
  crs min: 1277.1 ns/call
  pc  min: 25977.2 ns/call
  speedup: 20.34x  [OK>=10x]

缁撴灉淇濆瓨鍒?<legacy-repo>\experiments\phase4_4x_ab_bench_B1_Oon.json

[SUMMARY] label=B1_Oon | a_err_eof=10.88x(rs=1465ns,pc=15947ns) | p_err_overflow=2.72x(rs=2068ns,pc=5635ns) | i02_idx=17.30x(rs=986ns,pc=17064ns) | a01_n100=20.34x(rs=1277ns,pc=25977ns)
[19:42:50]   Sleep 30s ...
[19:43:20] 
[19:43:20] ----- Round 2 / Condition A (A2_Ooff) -----
[19:43:20]   Set-State A ...
[19:43:20]   Set-State A : copied <legacy-repo>\experiments\_snapshot_4x\error_rs_off.rs -> construct-rs\src\error.rs
[19:43:20]   Build + maturin develop ...
[19:43:29]   Bench ...
[19:43:35]   BENCH A2_Ooff : [SUMMARY] label=A2_Ooff | a_err_eof=9.91x(rs=1620ns,pc=16057ns) | p_err_overflow=2.48x(rs=2253ns,pc=5577ns) | i02_idx=17.59x(rs=976ns,pc=17172ns) | a01_n100=19.44x(rs=1344ns,pc=26129ns)

======================================================================
4.x O1-O4 A/B bench | label=A2_Ooff | timestamp=2026-07-28 19:43:29
======================================================================
OS: Windows 11
CPU: Intel64 Family 6 Model 183 Stepping 1, GenuineIntel
REPEAT: 5

--- a_err_eof parse [positive] (number=3000) ---
  crs min: 1619.9 ns/call
  pc  min: 16057.0 ns/call
  speedup: 9.91x  [<10x]

--- p_err_overflow build [positive] (number=3000) ---
  crs min: 2252.8 ns/call
  pc  min: 5576.8 ns/call
  speedup: 2.48x  [<10x]

--- i02_idx_n100 parse [negative] (number=3000) ---
  crs min: 976.1 ns/call
  pc  min: 17172.3 ns/call
  speedup: 17.59x  [OK>=10x]

--- a01 Array(100, Int8ub) parse [negative] (number=3000) ---
  crs min: 1344.4 ns/call
  pc  min: 26128.6 ns/call
  speedup: 19.44x  [OK>=10x]

缁撴灉淇濆瓨鍒?<legacy-repo>\experiments\phase4_4x_ab_bench_A2_Ooff.json

[SUMMARY] label=A2_Ooff | a_err_eof=9.91x(rs=1620ns,pc=16057ns) | p_err_overflow=2.48x(rs=2253ns,pc=5577ns) | i02_idx=17.59x(rs=976ns,pc=17172ns) | a01_n100=19.44x(rs=1344ns,pc=26129ns)
[19:43:35]   Sleep 30s ...
[19:44:05] 
[19:44:05] ----- Round 2 / Condition B (B2_Oon) -----
[19:44:05]   Set-State B ...
[19:44:05]   Set-State B : copied <legacy-repo>\experiments\_snapshot_4x\error_rs_on.rs -> construct-rs\src\error.rs
[19:44:05]   Build + maturin develop ...
[19:44:14]   Bench ...
[19:44:20]   BENCH B2_Oon : [SUMMARY] label=B2_Oon | a_err_eof=11.32x(rs=1410ns,pc=15970ns) | p_err_overflow=2.76x(rs=2009ns,pc=5555ns) | i02_idx=17.87x(rs=960ns,pc=17159ns) | a01_n100=20.08x(rs=1322ns,pc=26538ns)

======================================================================
4.x O1-O4 A/B bench | label=B2_Oon | timestamp=2026-07-28 19:44:14
======================================================================
OS: Windows 11
CPU: Intel64 Family 6 Model 183 Stepping 1, GenuineIntel
REPEAT: 5

--- a_err_eof parse [positive] (number=3000) ---
  crs min: 1410.3 ns/call
  pc  min: 15970.5 ns/call
  speedup: 11.32x  [OK>=10x]

--- p_err_overflow build [positive] (number=3000) ---
  crs min: 2009.4 ns/call
  pc  min: 5554.7 ns/call
  speedup: 2.76x  [<10x]

--- i02_idx_n100 parse [negative] (number=3000) ---
  crs min: 960.5 ns/call
  pc  min: 17159.4 ns/call
  speedup: 17.87x  [OK>=10x]

--- a01 Array(100, Int8ub) parse [negative] (number=3000) ---
  crs min: 1321.8 ns/call
  pc  min: 26538.1 ns/call
  speedup: 20.08x  [OK>=10x]

缁撴灉淇濆瓨鍒?<legacy-repo>\experiments\phase4_4x_ab_bench_B2_Oon.json

[SUMMARY] label=B2_Oon | a_err_eof=11.32x(rs=1410ns,pc=15970ns) | p_err_overflow=2.76x(rs=2009ns,pc=5555ns) | i02_idx=17.87x(rs=960ns,pc=17159ns) | a01_n100=20.08x(rs=1322ns,pc=26538ns)
[19:44:20]   Sleep 30s ...
[19:44:50] 
[19:44:50] ----- Round 3 / Condition A (A3_Ooff) -----
[19:44:50]   Set-State A ...
[19:44:50]   Set-State A : copied <legacy-repo>\experiments\_snapshot_4x\error_rs_off.rs -> construct-rs\src\error.rs
[19:44:50]   Build + maturin develop ...
[19:45:00]   Bench ...
[19:45:09]   BENCH A3_Ooff : [SUMMARY] label=A3_Ooff | a_err_eof=9.80x(rs=1803ns,pc=17667ns) | p_err_overflow=2.60x(rs=2612ns,pc=6799ns) | i02_idx=18.43x(rs=1221ns,pc=22498ns) | a01_n100=23.51x(rs=1615ns,pc=37964ns)

======================================================================
4.x O1-O4 A/B bench | label=A3_Ooff | timestamp=2026-07-28 19:45:00
======================================================================
OS: Windows 11
CPU: Intel64 Family 6 Model 183 Stepping 1, GenuineIntel
REPEAT: 5

--- a_err_eof parse [positive] (number=3000) ---
  crs min: 1803.5 ns/call
  pc  min: 17667.4 ns/call
  speedup: 9.80x  [<10x]

--- p_err_overflow build [positive] (number=3000) ---
  crs min: 2611.9 ns/call
  pc  min: 6798.6 ns/call
  speedup: 2.60x  [<10x]

--- i02_idx_n100 parse [negative] (number=3000) ---
  crs min: 1220.6 ns/call
  pc  min: 22497.7 ns/call
  speedup: 18.43x  [OK>=10x]

--- a01 Array(100, Int8ub) parse [negative] (number=3000) ---
  crs min: 1614.8 ns/call
  pc  min: 37964.4 ns/call
  speedup: 23.51x  [OK>=10x]

缁撴灉淇濆瓨鍒?<legacy-repo>\experiments\phase4_4x_ab_bench_A3_Ooff.json

[SUMMARY] label=A3_Ooff | a_err_eof=9.80x(rs=1803ns,pc=17667ns) | p_err_overflow=2.60x(rs=2612ns,pc=6799ns) | i02_idx=18.43x(rs=1221ns,pc=22498ns) | a01_n100=23.51x(rs=1615ns,pc=37964ns)
[19:45:09]   Sleep 30s ...
[19:45:39] 
[19:45:39] ----- Round 3 / Condition B (B3_Oon) -----
[19:45:39]   Set-State B ...
[19:45:39]   Set-State B : copied <legacy-repo>\experiments\_snapshot_4x\error_rs_on.rs -> construct-rs\src\error.rs
[19:45:39]   Build + maturin develop ...
[19:45:49]   Bench ...
[19:45:56]   BENCH B3_Oon : [SUMMARY] label=B3_Oon | a_err_eof=11.83x(rs=1504ns,pc=17789ns) | p_err_overflow=2.66x(rs=2295ns,pc=6100ns) | i02_idx=18.14x(rs=1081ns,pc=19599ns) | a01_n100=19.37x(rs=1489ns,pc=28841ns)

======================================================================
4.x O1-O4 A/B bench | label=B3_Oon | timestamp=2026-07-28 19:45:49
======================================================================
OS: Windows 11
CPU: Intel64 Family 6 Model 183 Stepping 1, GenuineIntel
REPEAT: 5

--- a_err_eof parse [positive] (number=3000) ---
  crs min: 1504.1 ns/call
  pc  min: 17788.9 ns/call
  speedup: 11.83x  [OK>=10x]

--- p_err_overflow build [positive] (number=3000) ---
  crs min: 2294.8 ns/call
  pc  min: 6100.5 ns/call
  speedup: 2.66x  [<10x]

--- i02_idx_n100 parse [negative] (number=3000) ---
  crs min: 1080.7 ns/call
  pc  min: 19599.2 ns/call
  speedup: 18.14x  [OK>=10x]

--- a01 Array(100, Int8ub) parse [negative] (number=3000) ---
  crs min: 1489.2 ns/call
  pc  min: 28841.3 ns/call
  speedup: 19.37x  [OK>=10x]

缁撴灉淇濆瓨鍒?<legacy-repo>\experiments\phase4_4x_ab_bench_B3_Oon.json

[SUMMARY] label=B3_Oon | a_err_eof=11.83x(rs=1504ns,pc=17789ns) | p_err_overflow=2.66x(rs=2295ns,pc=6100ns) | i02_idx=18.14x(rs=1081ns,pc=19599ns) | a01_n100=19.37x(rs=1489ns,pc=28841ns)
[19:45:56]   Sleep 30s ...
[19:46:26] 
[19:46:26] ----- Restore working tree error.rs (O1-O4 on) -----
[19:46:26]   Set-State B : copied <legacy-repo>\experiments\_snapshot_4x\error_rs_on.rs -> construct-rs\src\error.rs
[19:46:35] ==== A/B Test end ====
[19:46:35] Log:     <legacy-repo>\experiments\phase4_4x_ab_harness.log
[19:46:35] Snap:    <legacy-repo>\experiments\_snapshot_4x
[19:46:35] DLL md5: OFF=N/A  ON=N/A
